// Jest Snapshot v1, https://goo.gl/fbAQLP

exports[`export embed for RSC iOS has expected files 1`] = `
"1:I["apps/router-e2e/__e2e__/01-rsc/lib/react-native.tsx",[],"View"]
2:I["packages/expo-router/build/rsc/router/host.js",[],"Children"]
3:I["apps/router-e2e/__e2e__/01-rsc/lib/react-native.tsx",[],"Text"]
4:I["apps/router-e2e/__e2e__/01-rsc/lib/react-native.tsx",[],"Image"]
5:I["apps/router-e2e/assets/icon.png",[],""]
6:I["apps/router-e2e/__e2e__/01-rsc/components/counter.tsx",[],"Counter"]
0:{"layout":["$","$L1",null,{"style":{"flex":1,"padding":12},"testID":"layout-child-wrapper","children":[["$","$L2",null,{}],["$","$L1",null,{"testID":"layout-global-style","style":[{"width":100,"height":100},{"$$css":true,"_":"custom-global-style"}]}],["$","$L1",null,{"testID":"layout-module-style","style":[{"width":100,"height":100},"$undefined"]}]]}],"page":["$","$L1",null,{"style":{"flex":1,"padding":12},"testID":"child-wrapper","children":[["$","$L3",null,{"testID":"index-text","children":"Hello World"}],["$","$L3",null,{"testID":"index-path","children":"/"}],["$","$L3",null,{"testID":"index-query","children":""}],["$","$L3",null,{"children":["Platform: ","ios"]}],["$","$L3",null,{"testID":"secret-text","children":["Secret: ","test-secret"]}],["$","$L3",null,{"children":["Render: ",1726480496885]}],["$","$L4",null,{"testID":"main-image","source":"$5","style":{"width":100,"height":100}}],["$","$L6",null,{}]]}],"/SHOULD_SKIP":[["layout",[]]],"/LOCATION":["/",""]}
"
`;
